<?xml version="1.0" encoding="UTF-8"?>
<TestRun id="051ef3ce-ed3c-43b2-a98e-212092c60d06" name="Hao@MIS-F3216338 2019-04-16 14:27:59" runUser="MIS-F3216338\Hao" xmlns="http://microsoft.com/schemas/VisualStudio/TeamTest/2010">
  <TestSettings name="本機" id="492d95b8-5261-4623-a03f-f0cea54f6813">
    <Description>這些是本機測試回合的預設測試設定。</Description>
    <Deployment enabled="false" runDeploymentRoot="Hao_MIS-F3216338 2019-04-16 14_27_59">
      <DeploymentItem filename="D:\CSharpAlgoQuiz\CSharpAlgoQuizDll\bin\Debug\CSharpAlgoQuizDll.dll" />
    </Deployment>
    <Execution>
      <TestTypeSpecific />
      <AgentRule name="Execution Agents">
      </AgentRule>
    </Execution>
  </TestSettings>
  <Times creation="2019-04-16T14:27:59.1956925+08:00" queuing="2019-04-16T14:27:59.3086937+08:00" start="2019-04-16T14:27:59.3166908+08:00" finish="2019-04-16T14:27:59.5666944+08:00" />
  <ResultSummary outcome="Completed">
    <Counters total="5" executed="5" passed="5" error="0" failed="0" timeout="0" aborted="0" inconclusive="0" passedButRunAborted="0" notRunnable="0" notExecuted="0" disconnected="0" warning="0" completed="0" inProgress="0" pending="0" />
  </ResultSummary>
  <TestDefinitions>
    <UnitTest name="GetWordsFrequencyTest_Normal" storage="d:\csharpalgoquiz\csharpalgoquizdll.test\bin\debug\csharpalgoquizdll.test.dll" id="b18042d1-6d0a-da48-1f77-b437c798353c">
      <Execution id="fbad4e92-91e7-4bb7-8224-ea654ef835d7" />
      <TestMethod codeBase="D:/CSharpAlgoQuiz/CSharpAlgoQuizDll.Test/bin/Debug/CSharpAlgoQuizDll.Test.DLL" adapterTypeName="Microsoft.VisualStudio.TestTools.TestTypes.Unit.UnitTestAdapter, Microsoft.VisualStudio.QualityTools.Tips.UnitTest.Adapter, Version=10.0.0.0, Culture=neutral, PublicKeyToken=b03f5f7f11d50a3a" className="CSharpAlgoQuizDll.Test.QuizTest, CSharpAlgoQuizDll.Test, Version=1.0.0.0, Culture=neutral, PublicKeyToken=null" name="GetWordsFrequencyTest_Normal" />
    </UnitTest>
    <UnitTest name="GetWordsFrequencyTest_Twice" storage="d:\csharpalgoquiz\csharpalgoquizdll.test\bin\debug\csharpalgoquizdll.test.dll" id="1db40838-957e-574b-c87e-fb13cdc00f92">
      <Execution id="4c7f33ae-e712-4d45-bd23-ca7e74ad78df" />
      <TestMethod codeBase="D:/CSharpAlgoQuiz/CSharpAlgoQuizDll.Test/bin/Debug/CSharpAlgoQuizDll.Test.DLL" adapterTypeName="Microsoft.VisualStudio.TestTools.TestTypes.Unit.UnitTestAdapter, Microsoft.VisualStudio.QualityTools.Tips.UnitTest.Adapter, Version=10.0.0.0, Culture=neutral, PublicKeyToken=b03f5f7f11d50a3a" className="CSharpAlgoQuizDll.Test.QuizTest, CSharpAlgoQuizDll.Test, Version=1.0.0.0, Culture=neutral, PublicKeyToken=null" name="GetWordsFrequencyTest_Twice" />
    </UnitTest>
    <UnitTest name="GetWordsFrequencyTest_DoubleTwiceWithMixSplitor" storage="d:\csharpalgoquiz\csharpalgoquizdll.test\bin\debug\csharpalgoquizdll.test.dll" id="75d9128f-ae00-1a60-c060-108d51b082d6">
      <Execution id="ebee9b97-a711-4bbf-9c72-aad3bcb0773f" />
      <TestMethod codeBase="D:/CSharpAlgoQuiz/CSharpAlgoQuizDll.Test/bin/Debug/CSharpAlgoQuizDll.Test.DLL" adapterTypeName="Microsoft.VisualStudio.TestTools.TestTypes.Unit.UnitTestAdapter, Microsoft.VisualStudio.QualityTools.Tips.UnitTest.Adapter, Version=10.0.0.0, Culture=neutral, PublicKeyToken=b03f5f7f11d50a3a" className="CSharpAlgoQuizDll.Test.QuizTest, CSharpAlgoQuizDll.Test, Version=1.0.0.0, Culture=neutral, PublicKeyToken=null" name="GetWordsFrequencyTest_DoubleTwiceWithMixSplitor" />
    </UnitTest>
    <UnitTest name="GetWordsFrequencyTest_Splitor" storage="d:\csharpalgoquiz\csharpalgoquizdll.test\bin\debug\csharpalgoquizdll.test.dll" id="96d474c6-7548-03c2-996e-bbd3cf728e29">
      <Execution id="25ed4094-7ed9-47ad-a7c3-2d8f7f271f99" />
      <TestMethod codeBase="D:/CSharpAlgoQuiz/CSharpAlgoQuizDll.Test/bin/Debug/CSharpAlgoQuizDll.Test.DLL" adapterTypeName="Microsoft.VisualStudio.TestTools.TestTypes.Unit.UnitTestAdapter, Microsoft.VisualStudio.QualityTools.Tips.UnitTest.Adapter, Version=10.0.0.0, Culture=neutral, PublicKeyToken=b03f5f7f11d50a3a" className="CSharpAlgoQuizDll.Test.QuizTest, CSharpAlgoQuizDll.Test, Version=1.0.0.0, Culture=neutral, PublicKeyToken=null" name="GetWordsFrequencyTest_Splitor" />
    </UnitTest>
    <UnitTest name="GetWordsFrequencyTest_DoubleTwice" storage="d:\csharpalgoquiz\csharpalgoquizdll.test\bin\debug\csharpalgoquizdll.test.dll" id="d733210b-8be1-8bf2-6676-cbb7c09cbdbf">
      <Execution id="716113bf-af25-4b01-80a4-476ed7daf2f6" />
      <TestMethod codeBase="D:/CSharpAlgoQuiz/CSharpAlgoQuizDll.Test/bin/Debug/CSharpAlgoQuizDll.Test.DLL" adapterTypeName="Microsoft.VisualStudio.TestTools.TestTypes.Unit.UnitTestAdapter, Microsoft.VisualStudio.QualityTools.Tips.UnitTest.Adapter, Version=10.0.0.0, Culture=neutral, PublicKeyToken=b03f5f7f11d50a3a" className="CSharpAlgoQuizDll.Test.QuizTest, CSharpAlgoQuizDll.Test, Version=1.0.0.0, Culture=neutral, PublicKeyToken=null" name="GetWordsFrequencyTest_DoubleTwice" />
    </UnitTest>
  </TestDefinitions>
  <TestLists>
    <TestList name="不在清單中的結果" id="8c84fa94-04c1-424b-9868-57a2d4851a1d" />
    <TestList name="所有載入的結果" id="19431567-8539-422a-85d7-44ee4e166bda" />
  </TestLists>
  <TestEntries>
    <TestEntry testId="1db40838-957e-574b-c87e-fb13cdc00f92" executionId="4c7f33ae-e712-4d45-bd23-ca7e74ad78df" testListId="8c84fa94-04c1-424b-9868-57a2d4851a1d" />
    <TestEntry testId="75d9128f-ae00-1a60-c060-108d51b082d6" executionId="ebee9b97-a711-4bbf-9c72-aad3bcb0773f" testListId="8c84fa94-04c1-424b-9868-57a2d4851a1d" />
    <TestEntry testId="96d474c6-7548-03c2-996e-bbd3cf728e29" executionId="25ed4094-7ed9-47ad-a7c3-2d8f7f271f99" testListId="8c84fa94-04c1-424b-9868-57a2d4851a1d" />
    <TestEntry testId="b18042d1-6d0a-da48-1f77-b437c798353c" executionId="fbad4e92-91e7-4bb7-8224-ea654ef835d7" testListId="8c84fa94-04c1-424b-9868-57a2d4851a1d" />
    <TestEntry testId="d733210b-8be1-8bf2-6676-cbb7c09cbdbf" executionId="716113bf-af25-4b01-80a4-476ed7daf2f6" testListId="8c84fa94-04c1-424b-9868-57a2d4851a1d" />
  </TestEntries>
  <Results>
    <UnitTestResult executionId="4c7f33ae-e712-4d45-bd23-ca7e74ad78df" testId="1db40838-957e-574b-c87e-fb13cdc00f92" testName="GetWordsFrequencyTest_Twice" computerName="MIS-F3216338" duration="00:00:00.0125368" startTime="2019-04-16T14:27:59.3226905+08:00" endTime="2019-04-16T14:27:59.5366874+08:00" testType="13cdc9d9-ddb5-4fa4-a97d-d965ccfc6d4b" outcome="Passed" testListId="8c84fa94-04c1-424b-9868-57a2d4851a1d" relativeResultsDirectory="4c7f33ae-e712-4d45-bd23-ca7e74ad78df">
    </UnitTestResult>
    <UnitTestResult executionId="ebee9b97-a711-4bbf-9c72-aad3bcb0773f" testId="75d9128f-ae00-1a60-c060-108d51b082d6" testName="GetWordsFrequencyTest_DoubleTwiceWithMixSplitor" computerName="MIS-F3216338" duration="00:00:00.0001336" startTime="2019-04-16T14:27:59.5386904+08:00" endTime="2019-04-16T14:27:59.5396907+08:00" testType="13cdc9d9-ddb5-4fa4-a97d-d965ccfc6d4b" outcome="Passed" testListId="8c84fa94-04c1-424b-9868-57a2d4851a1d" relativeResultsDirectory="ebee9b97-a711-4bbf-9c72-aad3bcb0773f">
    </UnitTestResult>
    <UnitTestResult executionId="25ed4094-7ed9-47ad-a7c3-2d8f7f271f99" testId="96d474c6-7548-03c2-996e-bbd3cf728e29" testName="GetWordsFrequencyTest_Splitor" computerName="MIS-F3216338" duration="00:00:00.0001310" startTime="2019-04-16T14:27:59.5406882+08:00" endTime="2019-04-16T14:27:59.5436949+08:00" testType="13cdc9d9-ddb5-4fa4-a97d-d965ccfc6d4b" outcome="Passed" testListId="8c84fa94-04c1-424b-9868-57a2d4851a1d" relativeResultsDirectory="25ed4094-7ed9-47ad-a7c3-2d8f7f271f99">
    </UnitTestResult>
    <UnitTestResult executionId="fbad4e92-91e7-4bb7-8224-ea654ef835d7" testId="b18042d1-6d0a-da48-1f77-b437c798353c" testName="GetWordsFrequencyTest_Normal" computerName="MIS-F3216338" duration="00:00:00.0001317" startTime="2019-04-16T14:27:59.5446883+08:00" endTime="2019-04-16T14:27:59.5466898+08:00" testType="13cdc9d9-ddb5-4fa4-a97d-d965ccfc6d4b" outcome="Passed" testListId="8c84fa94-04c1-424b-9868-57a2d4851a1d" relativeResultsDirectory="fbad4e92-91e7-4bb7-8224-ea654ef835d7">
    </UnitTestResult>
    <UnitTestResult executionId="716113bf-af25-4b01-80a4-476ed7daf2f6" testId="d733210b-8be1-8bf2-6676-cbb7c09cbdbf" testName="GetWordsFrequencyTest_DoubleTwice" computerName="MIS-F3216338" duration="00:00:00.0001227" startTime="2019-04-16T14:27:59.5476889+08:00" endTime="2019-04-16T14:27:59.5486906+08:00" testType="13cdc9d9-ddb5-4fa4-a97d-d965ccfc6d4b" outcome="Passed" testListId="8c84fa94-04c1-424b-9868-57a2d4851a1d" relativeResultsDirectory="716113bf-af25-4b01-80a4-476ed7daf2f6">
    </UnitTestResult>
  </Results>
</TestRun>