<?xml version="1.0" encoding="UTF-8"?>
<TestRun id="3865ae31-d910-4a09-b4b2-2622f9725432" name="Hao@MIS-F3216338 2019-04-16 14:26:53" runUser="MIS-F3216338\Hao" xmlns="http://microsoft.com/schemas/VisualStudio/TeamTest/2010">
  <TestSettings name="本機" id="492d95b8-5261-4623-a03f-f0cea54f6813">
    <Description>這些是本機測試回合的預設測試設定。</Description>
    <Deployment enabled="false" runDeploymentRoot="Hao_MIS-F3216338 2019-04-16 14_26_53">
      <DeploymentItem filename="D:\CSharpAlgoQuiz\CSharpAlgoQuizDll\bin\Debug\CSharpAlgoQuizDll.dll" />
    </Deployment>
    <Execution>
      <TestTypeSpecific />
      <AgentRule name="Execution Agents">
      </AgentRule>
    </Execution>
  </TestSettings>
  <Times creation="2019-04-16T14:26:53.2868786+08:00" queuing="2019-04-16T14:26:53.3249020+08:00" start="2019-04-16T14:26:53.3288787+08:00" finish="2019-04-16T14:26:53.5748803+08:00" />
  <ResultSummary outcome="Completed">
    <Counters total="5" executed="5" passed="5" error="0" failed="0" timeout="0" aborted="0" inconclusive="0" passedButRunAborted="0" notRunnable="0" notExecuted="0" disconnected="0" warning="0" completed="0" inProgress="0" pending="0" />
  </ResultSummary>
  <TestDefinitions>
    <UnitTest name="GetWordsFrequencyTest_Normal" storage="d:\csharpalgoquiz\csharpalgoquizdll.test\bin\debug\csharpalgoquizdll.test.dll" id="b18042d1-6d0a-da48-1f77-b437c798353c">
      <Execution id="4e11ef8f-d10e-4317-9021-e6ef92694b16" />
      <TestMethod codeBase="D:/CSharpAlgoQuiz/CSharpAlgoQuizDll.Test/bin/Debug/CSharpAlgoQuizDll.Test.DLL" adapterTypeName="Microsoft.VisualStudio.TestTools.TestTypes.Unit.UnitTestAdapter, Microsoft.VisualStudio.QualityTools.Tips.UnitTest.Adapter, Version=10.0.0.0, Culture=neutral, PublicKeyToken=b03f5f7f11d50a3a" className="CSharpAlgoQuizDll.Test.QuizTest, CSharpAlgoQuizDll.Test, Version=1.0.0.0, Culture=neutral, PublicKeyToken=null" name="GetWordsFrequencyTest_Normal" />
    </UnitTest>
    <UnitTest name="GetWordsFrequencyTest_Twice" storage="d:\csharpalgoquiz\csharpalgoquizdll.test\bin\debug\csharpalgoquizdll.test.dll" id="1db40838-957e-574b-c87e-fb13cdc00f92">
      <Execution id="d1053fc1-8f89-4b2d-88b6-50e43dbf13dc" />
      <TestMethod codeBase="D:/CSharpAlgoQuiz/CSharpAlgoQuizDll.Test/bin/Debug/CSharpAlgoQuizDll.Test.DLL" adapterTypeName="Microsoft.VisualStudio.TestTools.TestTypes.Unit.UnitTestAdapter, Microsoft.VisualStudio.QualityTools.Tips.UnitTest.Adapter, Version=10.0.0.0, Culture=neutral, PublicKeyToken=b03f5f7f11d50a3a" className="CSharpAlgoQuizDll.Test.QuizTest, CSharpAlgoQuizDll.Test, Version=1.0.0.0, Culture=neutral, PublicKeyToken=null" name="GetWordsFrequencyTest_Twice" />
    </UnitTest>
    <UnitTest name="GetWordsFrequencyTest_DoubleTwiceWithMixSplitor" storage="d:\csharpalgoquiz\csharpalgoquizdll.test\bin\debug\csharpalgoquizdll.test.dll" id="75d9128f-ae00-1a60-c060-108d51b082d6">
      <Execution id="d1d32f83-4ab3-4838-a4f9-384128e8dd14" />
      <TestMethod codeBase="D:/CSharpAlgoQuiz/CSharpAlgoQuizDll.Test/bin/Debug/CSharpAlgoQuizDll.Test.DLL" adapterTypeName="Microsoft.VisualStudio.TestTools.TestTypes.Unit.UnitTestAdapter, Microsoft.VisualStudio.QualityTools.Tips.UnitTest.Adapter, Version=10.0.0.0, Culture=neutral, PublicKeyToken=b03f5f7f11d50a3a" className="CSharpAlgoQuizDll.Test.QuizTest, CSharpAlgoQuizDll.Test, Version=1.0.0.0, Culture=neutral, PublicKeyToken=null" name="GetWordsFrequencyTest_DoubleTwiceWithMixSplitor" />
    </UnitTest>
    <UnitTest name="GetWordsFrequencyTest_Splitor" storage="d:\csharpalgoquiz\csharpalgoquizdll.test\bin\debug\csharpalgoquizdll.test.dll" id="96d474c6-7548-03c2-996e-bbd3cf728e29">
      <Execution id="f1f4fb6b-c2c2-4d1b-88c4-faa29d23b5bf" />
      <TestMethod codeBase="D:/CSharpAlgoQuiz/CSharpAlgoQuizDll.Test/bin/Debug/CSharpAlgoQuizDll.Test.DLL" adapterTypeName="Microsoft.VisualStudio.TestTools.TestTypes.Unit.UnitTestAdapter, Microsoft.VisualStudio.QualityTools.Tips.UnitTest.Adapter, Version=10.0.0.0, Culture=neutral, PublicKeyToken=b03f5f7f11d50a3a" className="CSharpAlgoQuizDll.Test.QuizTest, CSharpAlgoQuizDll.Test, Version=1.0.0.0, Culture=neutral, PublicKeyToken=null" name="GetWordsFrequencyTest_Splitor" />
    </UnitTest>
    <UnitTest name="GetWordsFrequencyTest_DoubleTwice" storage="d:\csharpalgoquiz\csharpalgoquizdll.test\bin\debug\csharpalgoquizdll.test.dll" id="d733210b-8be1-8bf2-6676-cbb7c09cbdbf">
      <Execution id="22accd42-1459-498d-b5a3-d04926c5b519" />
      <TestMethod codeBase="D:/CSharpAlgoQuiz/CSharpAlgoQuizDll.Test/bin/Debug/CSharpAlgoQuizDll.Test.DLL" adapterTypeName="Microsoft.VisualStudio.TestTools.TestTypes.Unit.UnitTestAdapter, Microsoft.VisualStudio.QualityTools.Tips.UnitTest.Adapter, Version=10.0.0.0, Culture=neutral, PublicKeyToken=b03f5f7f11d50a3a" className="CSharpAlgoQuizDll.Test.QuizTest, CSharpAlgoQuizDll.Test, Version=1.0.0.0, Culture=neutral, PublicKeyToken=null" name="GetWordsFrequencyTest_DoubleTwice" />
    </UnitTest>
  </TestDefinitions>
  <TestLists>
    <TestList name="不在清單中的結果" id="8c84fa94-04c1-424b-9868-57a2d4851a1d" />
    <TestList name="所有載入的結果" id="19431567-8539-422a-85d7-44ee4e166bda" />
  </TestLists>
  <TestEntries>
    <TestEntry testId="1db40838-957e-574b-c87e-fb13cdc00f92" executionId="d1053fc1-8f89-4b2d-88b6-50e43dbf13dc" testListId="8c84fa94-04c1-424b-9868-57a2d4851a1d" />
    <TestEntry testId="75d9128f-ae00-1a60-c060-108d51b082d6" executionId="d1d32f83-4ab3-4838-a4f9-384128e8dd14" testListId="8c84fa94-04c1-424b-9868-57a2d4851a1d" />
    <TestEntry testId="96d474c6-7548-03c2-996e-bbd3cf728e29" executionId="f1f4fb6b-c2c2-4d1b-88c4-faa29d23b5bf" testListId="8c84fa94-04c1-424b-9868-57a2d4851a1d" />
    <TestEntry testId="b18042d1-6d0a-da48-1f77-b437c798353c" executionId="4e11ef8f-d10e-4317-9021-e6ef92694b16" testListId="8c84fa94-04c1-424b-9868-57a2d4851a1d" />
    <TestEntry testId="d733210b-8be1-8bf2-6676-cbb7c09cbdbf" executionId="22accd42-1459-498d-b5a3-d04926c5b519" testListId="8c84fa94-04c1-424b-9868-57a2d4851a1d" />
  </TestEntries>
  <Results>
    <UnitTestResult executionId="d1053fc1-8f89-4b2d-88b6-50e43dbf13dc" testId="1db40838-957e-574b-c87e-fb13cdc00f92" testName="GetWordsFrequencyTest_Twice" computerName="MIS-F3216338" duration="00:00:00.0121758" startTime="2019-04-16T14:26:53.3308806+08:00" endTime="2019-04-16T14:26:53.5408766+08:00" testType="13cdc9d9-ddb5-4fa4-a97d-d965ccfc6d4b" outcome="Passed" testListId="8c84fa94-04c1-424b-9868-57a2d4851a1d" relativeResultsDirectory="d1053fc1-8f89-4b2d-88b6-50e43dbf13dc">
    </UnitTestResult>
    <UnitTestResult executionId="d1d32f83-4ab3-4838-a4f9-384128e8dd14" testId="75d9128f-ae00-1a60-c060-108d51b082d6" testName="GetWordsFrequencyTest_DoubleTwiceWithMixSplitor" computerName="MIS-F3216338" duration="00:00:00.0004689" startTime="2019-04-16T14:26:53.5428782+08:00" endTime="2019-04-16T14:26:53.5518774+08:00" testType="13cdc9d9-ddb5-4fa4-a97d-d965ccfc6d4b" outcome="Passed" testListId="8c84fa94-04c1-424b-9868-57a2d4851a1d" relativeResultsDirectory="d1d32f83-4ab3-4838-a4f9-384128e8dd14">
    </UnitTestResult>
    <UnitTestResult executionId="f1f4fb6b-c2c2-4d1b-88c4-faa29d23b5bf" testId="96d474c6-7548-03c2-996e-bbd3cf728e29" testName="GetWordsFrequencyTest_Splitor" computerName="MIS-F3216338" duration="00:00:00.0001967" startTime="2019-04-16T14:26:53.5538820+08:00" endTime="2019-04-16T14:26:53.5568800+08:00" testType="13cdc9d9-ddb5-4fa4-a97d-d965ccfc6d4b" outcome="Passed" testListId="8c84fa94-04c1-424b-9868-57a2d4851a1d" relativeResultsDirectory="f1f4fb6b-c2c2-4d1b-88c4-faa29d23b5bf">
    </UnitTestResult>
    <UnitTestResult executionId="4e11ef8f-d10e-4317-9021-e6ef92694b16" testId="b18042d1-6d0a-da48-1f77-b437c798353c" testName="GetWordsFrequencyTest_Normal" computerName="MIS-F3216338" duration="00:00:00.0001208" startTime="2019-04-16T14:26:53.5608815+08:00" endTime="2019-04-16T14:26:53.5628797+08:00" testType="13cdc9d9-ddb5-4fa4-a97d-d965ccfc6d4b" outcome="Passed" testListId="8c84fa94-04c1-424b-9868-57a2d4851a1d" relativeResultsDirectory="4e11ef8f-d10e-4317-9021-e6ef92694b16">
    </UnitTestResult>
    <UnitTestResult executionId="22accd42-1459-498d-b5a3-d04926c5b519" testId="d733210b-8be1-8bf2-6676-cbb7c09cbdbf" testName="GetWordsFrequencyTest_DoubleTwice" computerName="MIS-F3216338" duration="00:00:00.0001397" startTime="2019-04-16T14:26:53.5638773+08:00" endTime="2019-04-16T14:26:53.5658796+08:00" testType="13cdc9d9-ddb5-4fa4-a97d-d965ccfc6d4b" outcome="Passed" testListId="8c84fa94-04c1-424b-9868-57a2d4851a1d" relativeResultsDirectory="22accd42-1459-498d-b5a3-d04926c5b519">
    </UnitTestResult>
  </Results>
</TestRun>